// Jest Snapshot v1, https://goo.gl/fbAQLP

exports[`empty wrapperClasses omits <pre> class attribute 1`] = `"<pre style=\\"background-color: #2e3440ff\\"><code><span class=\\"line\\"><span style=\\"color: #D8DEE9\\">console</span><span style=\\"color: #ECEFF4\\">.</span><span style=\\"color: #88C0D0\\">log</span><span style=\\"color: #D8DEE9FF\\">(</span><span style=\\"color: #ECEFF4\\">&#39;</span><span style=\\"color: #A3BE8C\\">test</span><span style=\\"color: #ECEFF4\\">&#39;</span><span style=\\"color: #D8DEE9FF\\">)</span><span style=\\"color: #81A1C1\\">;</span></span></code></pre>"`;

exports[`wrapperClasses parameter adds classes 1`] = `"<pre class=\\"foo bar\\" style=\\"background-color: #2e3440ff\\"><code><span class=\\"line\\"><span style=\\"color: #D8DEE9\\">console</span><span style=\\"color: #ECEFF4\\">.</span><span style=\\"color: #88C0D0\\">log</span><span style=\\"color: #D8DEE9FF\\">(</span><span style=\\"color: #ECEFF4\\">&#39;</span><span style=\\"color: #A3BE8C\\">test</span><span style=\\"color: #ECEFF4\\">&#39;</span><span style=\\"color: #D8DEE9FF\\">)</span><span style=\\"color: #81A1C1\\">;</span></span></code></pre>"`;
