// Vitest Snapshot v1, https://vitest.dev/guide/snapshot.html

exports[`run 1`] = `"<pre class="shiki vitesse-dark" style="background-color:#121212;color:#dbd7caee" tabindex="0"><code><span class="line"><span style="color:#666666">&#x3C;</span><span style="color:#4D9375">div</span><span style="color:#666666">></span><span style="color:#DBD7CAEE">hello</span><span style="color:#666666">&#x3C;/</span><span style="color:#4D9375">div</span><span style="color:#666666">></span></span></code></pre>"`;
