// Vitest Snapshot v1, https://vitest.dev/guide/snapshot.html

exports[`defaultColor light-dark() > basic > css-vars 1`] = `
{
  "bg": "--shiki-light-bg:#ffffff;--shiki-dark-bg:#121212",
  "fg": "--shiki-light:#393a34;--shiki-dark:#dbd7caee",
  "grammarState": {
    "lang": "javascript",
    "scopes": [
      "source.js",
    ],
    "theme": "vitesse-light",
    "themes": [
      "vitesse-light",
      "vitesse-dark",
    ],
  },
  "rootStyle": "--shiki-light:#393a34;--shiki-dark:#dbd7caee;--shiki-light-bg:#ffffff;--shiki-dark-bg:#121212",
  "themeName": "shiki-themes vitesse-light vitesse-dark",
  "tokens": [
    [
      {
        "content": "console",
        "explanation": undefined,
        "htmlStyle": {
          "--shiki-dark": "#BD976A",
          "--shiki-light": "#B07D48",
        },
        "offset": 0,
      },
      {
        "content": ".",
        "explanation": undefined,
        "htmlStyle": {
          "--shiki-dark": "#666666",
          "--shiki-light": "#999999",
        },
        "offset": 7,
      },
      {
        "content": "log",
        "explanation": undefined,
        "htmlStyle": {
          "--shiki-dark": "#80A665",
          "--shiki-light": "#59873A",
        },
        "offset": 8,
      },
      {
        "content": "(",
        "explanation": undefined,
        "htmlStyle": {
          "--shiki-dark": "#666666",
          "--shiki-light": "#999999",
        },
        "offset": 11,
      },
      {
        "content": """,
        "explanation": undefined,
        "htmlStyle": {
          "--shiki-dark": "#C98A7D77",
          "--shiki-light": "#B5695977",
        },
        "offset": 12,
      },
      {
        "content": "hello",
        "explanation": undefined,
        "htmlStyle": {
          "--shiki-dark": "#C98A7D",
          "--shiki-light": "#B56959",
        },
        "offset": 13,
      },
      {
        "content": """,
        "explanation": undefined,
        "htmlStyle": {
          "--shiki-dark": "#C98A7D77",
          "--shiki-light": "#B5695977",
        },
        "offset": 18,
      },
      {
        "content": ")",
        "explanation": undefined,
        "htmlStyle": {
          "--shiki-dark": "#666666",
          "--shiki-light": "#999999",
        },
        "offset": 19,
      },
    ],
  ],
}
`;

exports[`defaultColor light-dark() > basic > light-dark() 1`] = `
{
  "bg": "light-dark(#ffffff, #121212);--shiki-light-bg:#ffffff;--shiki-dark-bg:#121212",
  "fg": "light-dark(#393a34, #dbd7caee);--shiki-light:#393a34;--shiki-dark:#dbd7caee",
  "grammarState": {
    "lang": "javascript",
    "scopes": [
      "source.js",
    ],
    "theme": "vitesse-light",
    "themes": [
      "vitesse-light",
      "vitesse-dark",
    ],
  },
  "rootStyle": undefined,
  "themeName": "shiki-themes vitesse-light vitesse-dark",
  "tokens": [
    [
      {
        "content": "console",
        "explanation": undefined,
        "htmlStyle": {
          "--shiki-dark": "#BD976A",
          "--shiki-light": "#B07D48",
          "color": "light-dark(#B07D48, #BD976A)",
        },
        "offset": 0,
      },
      {
        "content": ".",
        "explanation": undefined,
        "htmlStyle": {
          "--shiki-dark": "#666666",
          "--shiki-light": "#999999",
          "color": "light-dark(#999999, #666666)",
        },
        "offset": 7,
      },
      {
        "content": "log",
        "explanation": undefined,
        "htmlStyle": {
          "--shiki-dark": "#80A665",
          "--shiki-light": "#59873A",
          "color": "light-dark(#59873A, #80A665)",
        },
        "offset": 8,
      },
      {
        "content": "(",
        "explanation": undefined,
        "htmlStyle": {
          "--shiki-dark": "#666666",
          "--shiki-light": "#999999",
          "color": "light-dark(#999999, #666666)",
        },
        "offset": 11,
      },
      {
        "content": """,
        "explanation": undefined,
        "htmlStyle": {
          "--shiki-dark": "#C98A7D77",
          "--shiki-light": "#B5695977",
          "color": "light-dark(#B5695977, #C98A7D77)",
        },
        "offset": 12,
      },
      {
        "content": "hello",
        "explanation": undefined,
        "htmlStyle": {
          "--shiki-dark": "#C98A7D",
          "--shiki-light": "#B56959",
          "color": "light-dark(#B56959, #C98A7D)",
        },
        "offset": 13,
      },
      {
        "content": """,
        "explanation": undefined,
        "htmlStyle": {
          "--shiki-dark": "#C98A7D77",
          "--shiki-light": "#B5695977",
          "color": "light-dark(#B5695977, #C98A7D77)",
        },
        "offset": 18,
      },
      {
        "content": ")",
        "explanation": undefined,
        "htmlStyle": {
          "--shiki-dark": "#666666",
          "--shiki-light": "#999999",
          "color": "light-dark(#999999, #666666)",
        },
        "offset": 19,
      },
    ],
  ],
}
`;

exports[`defaultColor light-dark() > defaultColor light-dark() with multiple themes > css-vars 1`] = `
{
  "bg": "--shiki-dark-bg:#121212;--shiki-light-bg:#ffffff;--shiki-custom-bg:#24292e",
  "fg": "--shiki-dark:#dbd7caee;--shiki-light:#393a34;--shiki-custom:#e1e4e8",
  "grammarState": {
    "lang": "javascript",
    "scopes": [
      "source.js",
    ],
    "theme": "vitesse-dark",
    "themes": [
      "vitesse-dark",
      "vitesse-light",
      "github-dark",
    ],
  },
  "rootStyle": "--shiki-dark:#dbd7caee;--shiki-light:#393a34;--shiki-custom:#e1e4e8;--shiki-dark-bg:#121212;--shiki-light-bg:#ffffff;--shiki-custom-bg:#24292e",
  "themeName": "shiki-themes vitesse-dark vitesse-light github-dark",
  "tokens": [
    [
      {
        "content": "console",
        "explanation": undefined,
        "htmlStyle": {
          "--shiki-custom": "#E1E4E8",
          "--shiki-dark": "#BD976A",
          "--shiki-light": "#B07D48",
        },
        "offset": 0,
      },
      {
        "content": ".",
        "explanation": undefined,
        "htmlStyle": {
          "--shiki-custom": "#E1E4E8",
          "--shiki-dark": "#666666",
          "--shiki-light": "#999999",
        },
        "offset": 7,
      },
      {
        "content": "log",
        "explanation": undefined,
        "htmlStyle": {
          "--shiki-custom": "#B392F0",
          "--shiki-dark": "#80A665",
          "--shiki-light": "#59873A",
        },
        "offset": 8,
      },
      {
        "content": "(",
        "explanation": undefined,
        "htmlStyle": {
          "--shiki-custom": "#E1E4E8",
          "--shiki-dark": "#666666",
          "--shiki-light": "#999999",
        },
        "offset": 11,
      },
      {
        "content": """,
        "explanation": undefined,
        "htmlStyle": {
          "--shiki-custom": "#9ECBFF",
          "--shiki-dark": "#C98A7D77",
          "--shiki-light": "#B5695977",
        },
        "offset": 12,
      },
      {
        "content": "hello",
        "explanation": undefined,
        "htmlStyle": {
          "--shiki-custom": "#9ECBFF",
          "--shiki-dark": "#C98A7D",
          "--shiki-light": "#B56959",
        },
        "offset": 13,
      },
      {
        "content": """,
        "explanation": undefined,
        "htmlStyle": {
          "--shiki-custom": "#9ECBFF",
          "--shiki-dark": "#C98A7D77",
          "--shiki-light": "#B5695977",
        },
        "offset": 18,
      },
      {
        "content": ")",
        "explanation": undefined,
        "htmlStyle": {
          "--shiki-custom": "#E1E4E8",
          "--shiki-dark": "#666666",
          "--shiki-light": "#999999",
        },
        "offset": 19,
      },
    ],
  ],
}
`;

exports[`defaultColor light-dark() > defaultColor light-dark() with multiple themes > light-dark() 1`] = `
{
  "bg": "light-dark(#ffffff, #121212);--shiki-dark-bg:#121212;--shiki-light-bg:#ffffff;--shiki-custom-bg:#24292e",
  "fg": "light-dark(#393a34, #dbd7caee);--shiki-dark:#dbd7caee;--shiki-light:#393a34;--shiki-custom:#e1e4e8",
  "grammarState": {
    "lang": "javascript",
    "scopes": [
      "source.js",
    ],
    "theme": "vitesse-dark",
    "themes": [
      "vitesse-dark",
      "vitesse-light",
      "github-dark",
    ],
  },
  "rootStyle": undefined,
  "themeName": "shiki-themes vitesse-dark vitesse-light github-dark",
  "tokens": [
    [
      {
        "content": "console",
        "explanation": undefined,
        "htmlStyle": {
          "--shiki-custom": "#E1E4E8",
          "--shiki-dark": "#BD976A",
          "--shiki-light": "#B07D48",
          "color": "light-dark(#B07D48, #BD976A)",
        },
        "offset": 0,
      },
      {
        "content": ".",
        "explanation": undefined,
        "htmlStyle": {
          "--shiki-custom": "#E1E4E8",
          "--shiki-dark": "#666666",
          "--shiki-light": "#999999",
          "color": "light-dark(#999999, #666666)",
        },
        "offset": 7,
      },
      {
        "content": "log",
        "explanation": undefined,
        "htmlStyle": {
          "--shiki-custom": "#B392F0",
          "--shiki-dark": "#80A665",
          "--shiki-light": "#59873A",
          "color": "light-dark(#59873A, #80A665)",
        },
        "offset": 8,
      },
      {
        "content": "(",
        "explanation": undefined,
        "htmlStyle": {
          "--shiki-custom": "#E1E4E8",
          "--shiki-dark": "#666666",
          "--shiki-light": "#999999",
          "color": "light-dark(#999999, #666666)",
        },
        "offset": 11,
      },
      {
        "content": """,
        "explanation": undefined,
        "htmlStyle": {
          "--shiki-custom": "#9ECBFF",
          "--shiki-dark": "#C98A7D77",
          "--shiki-light": "#B5695977",
          "color": "light-dark(#B5695977, #C98A7D77)",
        },
        "offset": 12,
      },
      {
        "content": "hello",
        "explanation": undefined,
        "htmlStyle": {
          "--shiki-custom": "#9ECBFF",
          "--shiki-dark": "#C98A7D",
          "--shiki-light": "#B56959",
          "color": "light-dark(#B56959, #C98A7D)",
        },
        "offset": 13,
      },
      {
        "content": """,
        "explanation": undefined,
        "htmlStyle": {
          "--shiki-custom": "#9ECBFF",
          "--shiki-dark": "#C98A7D77",
          "--shiki-light": "#B5695977",
          "color": "light-dark(#B5695977, #C98A7D77)",
        },
        "offset": 18,
      },
      {
        "content": ")",
        "explanation": undefined,
        "htmlStyle": {
          "--shiki-custom": "#E1E4E8",
          "--shiki-dark": "#666666",
          "--shiki-light": "#999999",
          "color": "light-dark(#999999, #666666)",
        },
        "offset": 19,
      },
    ],
  ],
}
`;

exports[`includeExplanation > false 1`] = `
[
  [
    {
      "color": "#BD976A",
      "content": "console",
      "fontStyle": 0,
      "offset": 0,
    },
    {
      "color": "#666666",
      "content": ".",
      "fontStyle": 0,
      "offset": 7,
    },
    {
      "color": "#80A665",
      "content": "log",
      "fontStyle": 0,
      "offset": 8,
    },
    {
      "color": "#666666",
      "content": "(",
      "fontStyle": 0,
      "offset": 11,
    },
    {
      "color": "#C98A7D77",
      "content": """,
      "fontStyle": 0,
      "offset": 12,
    },
    {
      "color": "#C98A7D",
      "content": "hello",
      "fontStyle": 0,
      "offset": 13,
    },
    {
      "color": "#C98A7D77",
      "content": """,
      "fontStyle": 0,
      "offset": 18,
    },
    {
      "color": "#666666",
      "content": ")",
      "fontStyle": 0,
      "offset": 19,
    },
  ],
]
`;

exports[`includeExplanation > scopeName 1`] = `
[
  [
    {
      "color": "#BD976A",
      "content": "console",
      "explanation": [
        {
          "content": "console",
          "scopes": [
            {
              "scopeName": "source.js",
            },
            {
              "scopeName": "meta.function-call.js",
            },
            {
              "scopeName": "variable.other.object.js",
            },
          ],
        },
      ],
      "fontStyle": 0,
      "offset": 0,
    },
    {
      "color": "#666666",
      "content": ".",
      "explanation": [
        {
          "content": ".",
          "scopes": [
            {
              "scopeName": "source.js",
            },
            {
              "scopeName": "meta.function-call.js",
            },
            {
              "scopeName": "punctuation.accessor.js",
            },
          ],
        },
      ],
      "fontStyle": 0,
      "offset": 7,
    },
    {
      "color": "#80A665",
      "content": "log",
      "explanation": [
        {
          "content": "log",
          "scopes": [
            {
              "scopeName": "source.js",
            },
            {
              "scopeName": "meta.function-call.js",
            },
            {
              "scopeName": "entity.name.function.js",
            },
          ],
        },
      ],
      "fontStyle": 0,
      "offset": 8,
    },
    {
      "color": "#666666",
      "content": "(",
      "explanation": [
        {
          "content": "(",
          "scopes": [
            {
              "scopeName": "source.js",
            },
            {
              "scopeName": "meta.brace.round.js",
            },
          ],
        },
      ],
      "fontStyle": 0,
      "offset": 11,
    },
    {
      "color": "#C98A7D77",
      "content": """,
      "explanation": [
        {
          "content": """,
          "scopes": [
            {
              "scopeName": "source.js",
            },
            {
              "scopeName": "string.quoted.double.js",
            },
            {
              "scopeName": "punctuation.definition.string.begin.js",
            },
          ],
        },
      ],
      "fontStyle": 0,
      "offset": 12,
    },
    {
      "color": "#C98A7D",
      "content": "hello",
      "explanation": [
        {
          "content": "hello",
          "scopes": [
            {
              "scopeName": "source.js",
            },
            {
              "scopeName": "string.quoted.double.js",
            },
          ],
        },
      ],
      "fontStyle": 0,
      "offset": 13,
    },
    {
      "color": "#C98A7D77",
      "content": """,
      "explanation": [
        {
          "content": """,
          "scopes": [
            {
              "scopeName": "source.js",
            },
            {
              "scopeName": "string.quoted.double.js",
            },
            {
              "scopeName": "punctuation.definition.string.end.js",
            },
          ],
        },
      ],
      "fontStyle": 0,
      "offset": 18,
    },
    {
      "color": "#666666",
      "content": ")",
      "explanation": [
        {
          "content": ")",
          "scopes": [
            {
              "scopeName": "source.js",
            },
            {
              "scopeName": "meta.brace.round.js",
            },
          ],
        },
      ],
      "fontStyle": 0,
      "offset": 19,
    },
  ],
]
`;

exports[`includeExplanation > true 1`] = `
[
  [
    {
      "color": "#BD976A",
      "content": "console",
      "explanation": [
        {
          "content": "console",
          "scopes": [
            {
              "scopeName": "source.js",
              "themeMatches": [],
            },
            {
              "scopeName": "meta.function-call.js",
              "themeMatches": [],
            },
            {
              "scopeName": "variable.other.object.js",
              "themeMatches": [
                {
                  "scope": [
                    "variable",
                    "identifier",
                  ],
                  "settings": {
                    "foreground": "#bd976a",
                  },
                },
              ],
            },
          ],
        },
      ],
      "fontStyle": 0,
      "offset": 0,
    },
    {
      "color": "#666666",
      "content": ".",
      "explanation": [
        {
          "content": ".",
          "scopes": [
            {
              "scopeName": "source.js",
              "themeMatches": [],
            },
            {
              "scopeName": "meta.function-call.js",
              "themeMatches": [],
            },
            {
              "scopeName": "punctuation.accessor.js",
              "themeMatches": [
                {
                  "scope": [
                    "delimiter.bracket",
                    "delimiter",
                    "invalid.illegal.character-not-allowed-here.html",
                    "keyword.operator.rest",
                    "keyword.operator.spread",
                    "keyword.operator.type.annotation",
                    "keyword.operator.relational",
                    "keyword.operator.assignment",
                    "keyword.operator.type",
                    "meta.brace",
                    "meta.tag.block.any.html",
                    "meta.tag.inline.any.html",
                    "meta.tag.structure.input.void.html",
                    "meta.type.annotation",
                    "meta.embedded.block.github-actions-expression",
                    "storage.type.function.arrow",
                    "meta.objectliteral.ts",
                    "punctuation",
                    "punctuation.definition.string.begin.html.vue",
                    "punctuation.definition.string.end.html.vue",
                  ],
                  "settings": {
                    "foreground": "#666666",
                  },
                },
              ],
            },
          ],
        },
      ],
      "fontStyle": 0,
      "offset": 7,
    },
    {
      "color": "#80A665",
      "content": "log",
      "explanation": [
        {
          "content": "log",
          "scopes": [
            {
              "scopeName": "source.js",
              "themeMatches": [],
            },
            {
              "scopeName": "meta.function-call.js",
              "themeMatches": [],
            },
            {
              "scopeName": "entity.name.function.js",
              "themeMatches": [
                {
                  "scope": [
                    "entity",
                    "entity.name",
                  ],
                  "settings": {
                    "foreground": "#80a665",
                  },
                },
                {
                  "scope": "entity.name.function",
                  "settings": {
                    "foreground": "#80a665",
                  },
                },
              ],
            },
          ],
        },
      ],
      "fontStyle": 0,
      "offset": 8,
    },
    {
      "color": "#666666",
      "content": "(",
      "explanation": [
        {
          "content": "(",
          "scopes": [
            {
              "scopeName": "source.js",
              "themeMatches": [],
            },
            {
              "scopeName": "meta.brace.round.js",
              "themeMatches": [
                {
                  "scope": [
                    "delimiter.bracket",
                    "delimiter",
                    "invalid.illegal.character-not-allowed-here.html",
                    "keyword.operator.rest",
                    "keyword.operator.spread",
                    "keyword.operator.type.annotation",
                    "keyword.operator.relational",
                    "keyword.operator.assignment",
                    "keyword.operator.type",
                    "meta.brace",
                    "meta.tag.block.any.html",
                    "meta.tag.inline.any.html",
                    "meta.tag.structure.input.void.html",
                    "meta.type.annotation",
                    "meta.embedded.block.github-actions-expression",
                    "storage.type.function.arrow",
                    "meta.objectliteral.ts",
                    "punctuation",
                    "punctuation.definition.string.begin.html.vue",
                    "punctuation.definition.string.end.html.vue",
                  ],
                  "settings": {
                    "foreground": "#666666",
                  },
                },
              ],
            },
          ],
        },
      ],
      "fontStyle": 0,
      "offset": 11,
    },
    {
      "color": "#C98A7D77",
      "content": """,
      "explanation": [
        {
          "content": """,
          "scopes": [
            {
              "scopeName": "source.js",
              "themeMatches": [],
            },
            {
              "scopeName": "string.quoted.double.js",
              "themeMatches": [
                {
                  "scope": [
                    "string",
                    "string punctuation.section.embedded source",
                    "attribute.value",
                  ],
                  "settings": {
                    "foreground": "#c98a7d",
                  },
                },
              ],
            },
            {
              "scopeName": "punctuation.definition.string.begin.js",
              "themeMatches": [
                {
                  "scope": [
                    "delimiter.bracket",
                    "delimiter",
                    "invalid.illegal.character-not-allowed-here.html",
                    "keyword.operator.rest",
                    "keyword.operator.spread",
                    "keyword.operator.type.annotation",
                    "keyword.operator.relational",
                    "keyword.operator.assignment",
                    "keyword.operator.type",
                    "meta.brace",
                    "meta.tag.block.any.html",
                    "meta.tag.inline.any.html",
                    "meta.tag.structure.input.void.html",
                    "meta.type.annotation",
                    "meta.embedded.block.github-actions-expression",
                    "storage.type.function.arrow",
                    "meta.objectliteral.ts",
                    "punctuation",
                    "punctuation.definition.string.begin.html.vue",
                    "punctuation.definition.string.end.html.vue",
                  ],
                  "settings": {
                    "foreground": "#666666",
                  },
                },
                {
                  "scope": [
                    "punctuation.definition.string",
                  ],
                  "settings": {
                    "foreground": "#c98a7d77",
                  },
                },
              ],
            },
          ],
        },
      ],
      "fontStyle": 0,
      "offset": 12,
    },
    {
      "color": "#C98A7D",
      "content": "hello",
      "explanation": [
        {
          "content": "hello",
          "scopes": [
            {
              "scopeName": "source.js",
              "themeMatches": [],
            },
            {
              "scopeName": "string.quoted.double.js",
              "themeMatches": [
                {
                  "scope": [
                    "string",
                    "string punctuation.section.embedded source",
                    "attribute.value",
                  ],
                  "settings": {
                    "foreground": "#c98a7d",
                  },
                },
              ],
            },
          ],
        },
      ],
      "fontStyle": 0,
      "offset": 13,
    },
    {
      "color": "#C98A7D77",
      "content": """,
      "explanation": [
        {
          "content": """,
          "scopes": [
            {
              "scopeName": "source.js",
              "themeMatches": [],
            },
            {
              "scopeName": "string.quoted.double.js",
              "themeMatches": [
                {
                  "scope": [
                    "string",
                    "string punctuation.section.embedded source",
                    "attribute.value",
                  ],
                  "settings": {
                    "foreground": "#c98a7d",
                  },
                },
              ],
            },
            {
              "scopeName": "punctuation.definition.string.end.js",
              "themeMatches": [
                {
                  "scope": [
                    "delimiter.bracket",
                    "delimiter",
                    "invalid.illegal.character-not-allowed-here.html",
                    "keyword.operator.rest",
                    "keyword.operator.spread",
                    "keyword.operator.type.annotation",
                    "keyword.operator.relational",
                    "keyword.operator.assignment",
                    "keyword.operator.type",
                    "meta.brace",
                    "meta.tag.block.any.html",
                    "meta.tag.inline.any.html",
                    "meta.tag.structure.input.void.html",
                    "meta.type.annotation",
                    "meta.embedded.block.github-actions-expression",
                    "storage.type.function.arrow",
                    "meta.objectliteral.ts",
                    "punctuation",
                    "punctuation.definition.string.begin.html.vue",
                    "punctuation.definition.string.end.html.vue",
                  ],
                  "settings": {
                    "foreground": "#666666",
                  },
                },
                {
                  "scope": [
                    "punctuation.definition.string",
                  ],
                  "settings": {
                    "foreground": "#c98a7d77",
                  },
                },
              ],
            },
          ],
        },
      ],
      "fontStyle": 0,
      "offset": 18,
    },
    {
      "color": "#666666",
      "content": ")",
      "explanation": [
        {
          "content": ")",
          "scopes": [
            {
              "scopeName": "source.js",
              "themeMatches": [],
            },
            {
              "scopeName": "meta.brace.round.js",
              "themeMatches": [
                {
                  "scope": [
                    "delimiter.bracket",
                    "delimiter",
                    "invalid.illegal.character-not-allowed-here.html",
                    "keyword.operator.rest",
                    "keyword.operator.spread",
                    "keyword.operator.type.annotation",
                    "keyword.operator.relational",
                    "keyword.operator.assignment",
                    "keyword.operator.type",
                    "meta.brace",
                    "meta.tag.block.any.html",
                    "meta.tag.inline.any.html",
                    "meta.tag.structure.input.void.html",
                    "meta.type.annotation",
                    "meta.embedded.block.github-actions-expression",
                    "storage.type.function.arrow",
                    "meta.objectliteral.ts",
                    "punctuation",
                    "punctuation.definition.string.begin.html.vue",
                    "punctuation.definition.string.end.html.vue",
                  ],
                  "settings": {
                    "foreground": "#666666",
                  },
                },
              ],
            },
          ],
        },
      ],
      "fontStyle": 0,
      "offset": 19,
    },
  ],
]
`;
